Hello from test_file_write.py!